// Vitest Snapshot v1, https://vitest.dev/guide/snapshot.html

exports[`RateLimitBucket > records the whole rate-limited surface in one place 1`] = `
[
  "LOGIN_PWD = login:pwd",
  "LOGIN_OTP_REQUEST = login:otp:req",
  "LOGIN_OTP_VERIFY = login:otp:verify",
  "LOGIN_FAILURES = login-failures",
  "REGISTER = register",
  "REGISTER_VERIFY = register:verify",
  "PASSWORD_FORGOT = pwd:forgot",
  "PASSWORD_FORGOT_VERIFY = pwd:forgot:verify",
  "OTP_DELIVERY_STATUS = otp:delivery",
  "OTP_CHANNELS = otp:channels",
  "CAPTCHA_CHALLENGE = captcha:challenge",
  "CAPTCHA_VERIFY = captcha:verify",
  "BOT_LINK_RESOLVE = bot:link:resolve",
  "BOT_LINK_CONTACT = bot:link:contact",
  "BOT_LINK_STATUS = bot:link:status",
  "BOT_SESSION = bot:session",
  "BOT_WEBAPP_SESSION = bot:webapp:session",
  "ACCOUNTS_ADD_OTP_REQUEST = accounts:add:otp:req",
  "ACCOUNTS_ADD_OTP_VERIFY = accounts:add:otp:verify",
  "ACCOUNTS_ADD_PASSWORD = accounts:add:pwd",
  "ACCOUNTS_LIST = accounts:list",
  "ME = me",
  "ME_EMAIL_REQUEST = me:email:req",
  "ME_EMAIL_VERIFY = me:email:verify",
  "HANDOFF_LIST = handoff:list",
  "HANDOFF_ISSUE = handoff:issue",
  "HANDOFF_REDEEM = handoff:redeem",
  "USER_SEARCH = users:search",
  "ROLE_WRITE = roles:write",
  "ACCOUNTS_SWITCH = accounts:switch",
  "ACCOUNTS_REMOVE = accounts:remove",
  "DEPOSIT_GATEWAYS = deposit:gateways",
  "DEPOSIT_QUOTE = deposit:quote",
  "DEPOSIT_START = deposit:start",
  "DEPOSIT_IN_CHAT = deposit:in-chat",
  "DEPOSIT_CALLBACK = deposit:callback",
  "DEPOSIT_WEBHOOK = deposit:webhook",
  "WALLET_HISTORY = wallet:history",
  "WALLET_PAYMENTS = wallet:payments",
  "GIFT_REDEEM = gift:redeem",
  "SETTLEMENT_ADMIN_READ = settlement:admin:read",
  "SETTLEMENT_ADMIN_WRITE = settlement:admin:write",
  "GATEWAY_ADMIN_READ = gateway:admin:read",
  "GATEWAY_ADMIN_WRITE = gateway:admin:write",
  "PAYMENT_MANUAL_READ = payment:manual:read",
  "PAYMENT_MANUAL_WRITE = payment:manual:write",
  "COUPON_ADMIN_READ = coupon:admin:read",
  "COUPON_ADMIN_WRITE = coupon:admin:write",
  "CATALOG_ADMIN_READ = catalog:admin:read",
  "CATALOG_ADMIN_WRITE = catalog:admin:write",
  "TENANT_BILLING_ADMIN_WRITE = tenant-billing:admin:write",
  "RESELLER_PURCHASE_READ = reseller-purchase:read",
  "RESELLER_PURCHASE_WRITE = reseller-purchase:write",
  "WALLET_PAYMENT = wallet:payment",
  "NOTIFICATION_READ = notification:read",
  "NOTIFICATION_WRITE = notification:write",
  "NOTIFICATION_CAMPAIGN_READ = notification:campaign:read",
  "NOTIFICATION_CAMPAIGN_WRITE = notification:campaign:write",
  "RESELLER_BOT_READ = reseller-bot:read",
  "RESELLER_BOT_WRITE = reseller-bot:write",
  "RESELLER_USER_READ = reseller-user:read",
  "RESELLER_USER_WRITE = reseller-user:write",
  "PUBLIC_ROUTE = public:route",
  "BOT_SEND = bot:send",
]
`;
